HTTP/1.1 302 Found
Set-Cookie: logined=true; Path=/
Location: /index.html

